../Core/Src/main.c:118:6:Test_FaultStatus_NoFault	32	static
../Core/Src/main.c:136:6:Test_BuckAFault_Triggered	32	static
../Core/Src/main.c:154:6:Test_SetVout_Normal	24	static
../Core/Src/main.c:169:6:Test_InvalidI2CAddress	24	static
../Core/Src/main.c:187:5:main	48	static
../Core/Src/main.c:329:6:SystemClock_Config	88	static
../Core/Src/main.c:374:13:MX_ADC1_Init	24	static
../Core/Src/main.c:424:13:MX_CAN1_Init	8	static
../Core/Src/main.c:461:13:MX_I2C1_Init	8	static
../Core/Src/main.c:495:13:MX_SPI2_Init	8	static
../Core/Src/main.c:533:13:MX_SPI3_Init	8	static
../Core/Src/main.c:571:13:MX_USART3_UART_Init	8	static
../Core/Src/main.c:604:13:MX_GPIO_Init	56	static
../Core/Src/main.c:658:6:Error_Handler	4	static,ignoring_inline_asm
