../Core/Src/main.c:92:5:main	32	static
../Core/Src/main.c:169:6:SystemClock_Config	88	static
../Core/Src/main.c:214:13:MX_ADC1_Init	24	static
../Core/Src/main.c:264:13:MX_CAN1_Init	8	static
../Core/Src/main.c:301:13:MX_I2C1_Init	8	static
../Core/Src/main.c:335:13:MX_SPI2_Init	8	static
../Core/Src/main.c:373:13:MX_SPI3_Init	8	static
../Core/Src/main.c:411:13:MX_USART3_UART_Init	8	static
../Core/Src/main.c:444:13:MX_GPIO_Init	56	static
../Core/Src/main.c:498:6:Error_Handler	4	static,ignoring_inline_asm
